I'm sorry, but errors were detected in your script. Please correct the
errors listed below, and try again.


File "game/script.rpy", line 30: Tab characters are not allowed in Ren'Py scripts.

Ren'Py Version: Ren'Py 6.99.14.3.3347
Thu Jul 26 18:35:32 2018
